// Jest Snapshot v1, https://goo.gl/fbAQLP

exports[`<Social/> matches snapshot 1`] = `
Array [
  <div
    className="nav"
  >
    <p
      className="active"
    >
      Social
    </p>
    <p
      onClick={[Function]}
    >
      Home
    </p>
    <p
      onClick={[Function]}
    >
      About
    </p>
  </div>,
  <form
    className="socialinput"
  >
    <div
      className="form-group"
    >
      <input
        className="form-control"
        id="formBasicEmail"
        onChange={[Function]}
        placeholder="Search Friends by typing their names 🧙‍♂️"
        type="text"
        value=""
      />
    </div>
  </form>,
  <ul
    className="ul"
  >
    <h1
      style={
        Object {
          "textAlign": "center",
        }
      }
    >
      We can't find users 
      <span
        aria-hidden="true"
        aria-label=""
        className="emoji"
        role="img"
      >
        😵
      </span>
    </h1>
  </ul>,
  <div
    style={
      Object {
        "textAlign": "center",
      }
    }
  />,
]
`;
